[0m[7m[1m[32m PASS [39m[22m[27m[0m [0m[7m[37m Server/Core Tests [39m[27m[0m [2mtests/integration/[22m[1mplaceholder.test.js[22m
[0m[7m[1m[32m PASS [39m[22m[27m[0m [0m[7m[37m Server/Core Tests [39m[27m[0m [2mtests/unit/core/[22m[1mpatternGenerator.test.js[22m
[0m[7m[1m[32m PASS [39m[22m[27m[0m [0m[7m[37m Server/Core Tests [39m[27m[0m [2mtests/unit/server/[22m[1mplaceholder.test.js[22m
[0m[7m[1m[32m PASS [39m[22m[27m[0m [0m[7m[37m API Tests [39m[27m[0m [2mtests/integration/api/[22m[1mparameterValidation.test.js[22m
[0m[7m[1m[32m PASS [39m[22m[27m[0m [0m[7m[37m Server/Core Tests [39m[27m[0m [2mtests/unit/core/[22m[1mmidiExport.test.js[22m
[0m[7m[1m[32m PASS [39m[22m[27m[0m [0m[7m[37m Server/Core Tests [39m[27m[0m [2mtests/unit/core/[22m[1mmidiFileExport.test.js[22m
[0m[7m[1m[32m PASS [39m[22m[27m[0m [0m[7m[37m API Tests [39m[27m[0m [2mtests/integration/api/[22m[1msessionManagement.test.js[22m
[0m[7m[1m[32m PASS [39m[22m[27m[0m [0m[7m[37m API Tests [39m[27m[0m [2mtests/integration/api/[22m[1msequenceApi.test.js[22m
[0m[7m[1m[32m PASS [39m[22m[27m[0m [0m[7m[37m API Tests [39m[27m[0m [2mtests/integration/api/[22m[1mpatternRoutes.test.js[22m
[0m[7m[1m[32m PASS [39m[22m[27m[0m [0m[7m[37m Server/Core Tests [39m[27m[0m [2mtests/unit/core/[22m[1mmusicTheory.test.js[22m
[0m[7m[1m[32m PASS [39m[22m[27m[0m [0m[7m[37m Server/Core Tests [39m[27m[0m [2mtests/unit/core/[22m[1mmidiSequence.test.js[22m
[0m[7m[1m[32m PASS [39m[22m[27m[0m [0m[7m[37m API Tests [39m[27m[0m [2mtests/integration/api/[22m[1merrorRecovery.test.js[22m
[0m[7m[1m[32m PASS [39m[22m[27m[0m [0m[7m[37m API Tests [39m[27m[0m [2mtests/integration/api/[22m[1mmusicTheoryEdgeCases.test.js[22m
[0m[7m[1m[32m PASS [39m[22m[27m[0m [0m[7m[37m API Tests [39m[27m[0m [2mtests/integration/api/[22m[1msessionApi.test.js[22m
[0m[7m[1m[32m PASS [39m[22m[27m[0m [0m[7m[37m API Tests [39m[27m[0m [2mtests/integration/api/[22m[1mmusicTheoryApi.test.js[22m
[0m[7m[1m[32m PASS [39m[22m[27m[0m [0m[7m[37m API Tests [39m[27m[0m [2mtests/integration/api/[22m[1mdataConsistency.test.js[22m
[0m[7m[1m[32m PASS [39m[22m[27m[0m [0m[7m[37m API Tests [39m[27m[0m [2mtests/integration/api/[22m[1mexportRoutes.test.js[22m
(node:26030) [DEP0040] DeprecationWarning: The `punycode` module is deprecated. Please use a userland alternative instead.
(Use `node --trace-deprecation ...` to show where the warning was created)
[0m[7m[1m[32m PASS [39m[22m[27m[0m [0m[7m[37m Client Tests [39m[27m[0m [2mtests/unit/client/components/[22m[1mPianoRollState.test.jsx[22m
(node:26027) [DEP0040] DeprecationWarning: The `punycode` module is deprecated. Please use a userland alternative instead.
(Use `node --trace-deprecation ...` to show where the warning was created)
[0m[7m[1m[32m PASS [39m[22m[27m[0m [0m[7m[37m Client Tests [39m[27m[0m [2mtests/unit/client/components/[22m[1mPianoRoll.test.jsx[22m
(node:25993) [DEP0040] DeprecationWarning: The `punycode` module is deprecated. Please use a userland alternative instead.
(Use `node --trace-deprecation ...` to show where the warning was created)
[0m[7m[1m[32m PASS [39m[22m[27m[0m [0m[7m[37m Client Tests [39m[27m[0m [2mtests/unit/client/components/[22m[1mTransportControlsState.test.jsx[22m
(node:25991) [DEP0040] DeprecationWarning: The `punycode` module is deprecated. Please use a userland alternative instead.
(Use `node --trace-deprecation ...` to show where the warning was created)
(node:25992) [DEP0040] DeprecationWarning: The `punycode` module is deprecated. Please use a userland alternative instead.
(Use `node --trace-deprecation ...` to show where the warning was created)
(node:25994) [DEP0040] DeprecationWarning: The `punycode` module is deprecated. Please use a userland alternative instead.
(Use `node --trace-deprecation ...` to show where the warning was created)
[0m[7m[1m[32m PASS [39m[22m[27m[0m [0m[7m[37m Client Tests [39m[27m[0m [2mtests/unit/client/components/[22m[1mVirtualKeyboard.test.jsx[22m
[0m[7m[1m[32m PASS [39m[22m[27m[0m [0m[7m[37m Client Tests [39m[27m[0m [2mtests/unit/client/components/[22m[1mTransportControls.test.jsx[22m
(node:26006) [DEP0040] DeprecationWarning: The `punycode` module is deprecated. Please use a userland alternative instead.
(Use `node --trace-deprecation ...` to show where the warning was created)
[0m[7m[1m[32m PASS [39m[22m[27m[0m [0m[7m[37m Client Tests [39m[27m[0m [2mtests/unit/client/components/PianoRollStateManagement/[22m[1mindex.test.jsx[22m
[0m[7m[1m[32m PASS [39m[22m[27m[0m [0m[7m[37m Client Tests [39m[27m[0m [2mtests/unit/client/components/[22m[1mPatternGenerator.test.jsx[22m

[1mTest Suites: [22m[1m[32m24 passed[39m[22m, 24 total
[1mTests:       [22m[1m[33m2 skipped[39m[22m, [1m[32m119 passed[39m[22m, 121 total
[1mSnapshots:   [22m0 total
[1mTime:[22m        1.405 s
[2mRan all test suites[22m[2m matching [22m/./i[2m in [22m3[2m projects[22m[2m.[22m
